C51 COMPILER V9.01   MAN                                                                   01/03/2021 16:43:56 PAGE 1   


C51 COMPILER V9.01, COMPILATION OF MODULE MAN
OBJECT MODULE PLACED IN man.OBJ
COMPILER INVOKED BY: D:\C51\C51\BIN\C51.EXE man.c BROWSE DEBUG OBJECTEXTEND

line level    source

   1          #include "reg52.h"
   2          #include "intrins.h"
   3          typedef unsigned char u8;
   4          typedef unsigned int u16;
   5          sbit led=P2^0;
   6          sbit LSA=P2^2;
   7          sbit LSB=P2^3;
   8          sbit LSC=P2^4;
   9          
  10          u8 code arr[] = {0x3f,0x06,0x5b,0x4f,0x66,0x6d,0x7d,0x07,0x7f,
  11                                                  0x6f,0x77};
  12          u16 a=0;
  13          
  14          void display()
  15          {
  16   1              u16 k = 1;
  17   1          u8 i;
  18   1              u16 b=1000;
  19   1              while(b--)
  20   1              for(i=0;i<8;i++)
  21   1              {
  22   2                      switch(i)
  23   2                              {
  24   3                              case(0):  LSA=LSB=LSC=0; break;
  25   3                              case(1):  LSA=1;LSB=LSC=0; break;
  26   3                              case(2):  LSA=0;LSB=1;LSC=0; break;
  27   3                              case(3):  LSA=LSB=1;LSC=0; break;
  28   3                              case(4):  LSA=LSB=0;LSC=1; break;
  29   3                              case(5):  LSA=1;LSB=0;LSC=1; break;
  30   3                              case(6):  LSA=0;LSB=LSC=1; break;
  31   3                              case(7):  LSA=LSB=LSC=1; break;                         
  32   3                              }  
  33   2                      P0=arr[a];
  34   2      
  35   2              }       
  36   1      }
  37          
  38          void timer0Init()  //计时器初始化
  39          {
  40   1              TMOD|=0x01;        //或运算防止拉低电平对之前控制位的影响
  41   1              TH0=0XFC;
  42   1              TL0=0X18;               //FC18对应一毫秒
  43   1              ET0=1;
  44   1              EA=1;
  45   1              TR0=1;
  46   1      }
  47          
  48          void main()
  49          {
  50   1              timer0Init();
  51   1              while(1);
  52   1      }
  53          
  54          void time0() interrupt 1 //T0中断号为1
  55          {
C51 COMPILER V9.01   MAN                                                                   01/03/2021 16:43:56 PAGE 2   

  56   1              static u16 i;
  57   1              TH0=0XFC;                //方式一需要重新赋初值，方式二能自动重装初值
  58   1              TL0=0X18;       
  59   1              i++;
  60   1              if(i==1000)                //1ms*1000=1s
  61   1              {
  62   2              i=0;
  63   2              a++;
  64   2              display();
  65   2              }
  66   1      }


MODULE INFORMATION:   STATIC OVERLAYABLE
   CODE SIZE        =    239    ----
   CONSTANT SIZE    =     11    ----
   XDATA SIZE       =   ----    ----
   PDATA SIZE       =   ----    ----
   DATA SIZE        =      4       2
   IDATA SIZE       =   ----    ----
   BIT SIZE         =   ----    ----
END OF MODULE INFORMATION.


C51 COMPILATION COMPLETE.  0 WARNING(S),  0 ERROR(S)
