BL51 BANKED LINKER/LOCATER V6.22                                                        04/08/2022  12:22:05  PAGE 1


BL51 BANKED LINKER/LOCATER V6.22, INVOKED BY:
C:\KEIL_V5\C51\BIN\BL51.EXE .\Objects\led.obj TO .\Objects\led PRINT (.\Listings\led.m51)


INPUT MODULES INCLUDED:
  .\Objects\led.obj (LED)


LINK MAP OF MODULE:  .\Objects\led (LED)


            TYPE    BASE      LENGTH    RELOCATION   SEGMENT NAME
            -----------------------------------------------------

            * * * * * * *   D A T A   M E M O R Y   * * * * * * *
            REG     0000H     0008H     ABSOLUTE     "REG BANK 0"

            * * * * * * *   C O D E   M E M O R Y   * * * * * * *
            CODE    0000H     0017H     ABSOLUTE     



SYMBOL TABLE OF MODULE:  .\Objects\led (LED)

  VALUE           TYPE          NAME
  ----------------------------------

  -------         MODULE        LED
  C:000AH         SYMBOL        DELAY
  C:000CH         SYMBOL        DL1
  C:000EH         SYMBOL        DL2
  C:0002H         SYMBOL        LOOP
  D:0090H         SYMBOL        P1
  C:0000H         SYMBOL        START
  C:0000H         LINE#         65533
  C:0002H         LINE#         2
  C:0004H         LINE#         4
  C:0006H         LINE#         6
  C:0007H         LINE#         7
  C:000AH         LINE#         9
  C:000CH         LINE#         10
  C:000EH         LINE#         11
  C:0010H         LINE#         12
  C:0012H         LINE#         13
  C:0014H         LINE#         14
  C:0016H         LINE#         15
  -------         ENDMOD        LED

******************************************************************************
* RESTRICTED VERSION WITH 0800H BYTE CODE SIZE LIMIT; USED: 0017H BYTE ( 1%) *
******************************************************************************

Program Size: data=8.0 xdata=0 code=23
LINK/LOCATE RUN COMPLETE.  0 WARNING(S),  0 ERROR(S)
